border_size=1
usage=map

Mm^Xm       , Mm^Xm       , Mm^Xm       , Mm^Xm       , Mm^Xm       , Mm^Xm       , Mm^Xm       , Mm^Xm       , Mm^Xm       , Mm^Xm       , Mm^Xm       , Mm^Xm       , Mm^Xm       , Mm^Xm       , Mm^Xm       , Mm^Xm       , Mm^Xm       , Mm^Xm       , Mm^Xm       , Mm^Xm       , Mm^Xm       , Mm^Xm       , Wwt         , Wwt         , Mm          , Mm^Xm       , Mm^Xm       , Mm^Xm       , Mm^Xm       , Mm^Xm       , Mm^Xm       , Mm^Xm       , Mm^Xm       , Mm^Xm       , Mm^Xm       , Mm^Xm       , Mm^Xm       , Mm^Xm       , Mm^Xm       , Mm^Xm       , Mm^Xm       , Mm^Xm       , Mm^Xm       , Mm^Xm       , Mm^Xm       , Mm^Xm       , Mm^Xm       , Mm^Xm       , Mm^Xm       , Mm^Xm       , Mm^Xm       
Mm^Xm       , Mm^Xm       , Mm^Xm       , Mm^Xm       , Mm^Xm       , Mm^Xm       , Mm^Xm       , Mm^Xm       , Mm^Xm       , Mm^Xm       , Mm^Xm       , Mm^Xm       , Mm^Xm       , Mm^Xm       , Mm^Xm       , Mm^Xm       , Mm          , Mm          , Mm          , Mm          , Mm          , Mm^Xm       , Mm^Xm       , Wwt         , Hh          , Mm^Xm       , Mm          , Mm^Xm       , Mm          , Mm^Xm       , Mm          , Mm^Xm       , Mm          , Mm          , Mm          , Mm          , Mm          , Mm^Xm       , Mm^Xm       , Mm^Xm       , Mm^Xm       , Mm^Xm       , Mm^Xm       , Mm^Xm       , Mm^Xm       , Mm^Xm       , Mm^Xm       , Mm^Xm       , Mm^Xm       , Mm^Xm       , Mm^Xm       
Mm^Xm       , Mm^Xm       , Mm^Xm       , Mm^Xm       , Mm^Xm       , Mm^Xm       , Mm^Xm       , Mm^Xm       , Mm^Xm       , Mm^Xm       , Mm^Xm       , Mm^Xm       , Mm^Xm       , Mm^Xm       , Mm          , Mm          , Mm          , Mm          , Mm          , Hh          , Hh          , Mm          , Mm          , Wwt         , Wwrt        , Mm          , Mm          , Mm          , Hh          , Mm          , Hh          , Mm          , Hh          , Hh          , Hh          , Hh          , Hh          , Mm          , Mm          , Mm^Xm       , Mm^Xm       , Mm^Xm       , Mm          , Mm^Xm       , Mm^Xm       , Mm^Xm       , Mm^Xm       , Mm^Xm       , Mm^Xm       , Mm^Xm       , Mm^Xm       
Mm^Xm       , Mm^Xm       , Mm^Xm       , Mm^Xm       , Mm^Xm       , Mm^Xm       , Mm^Xm       , Mm^Xm       , Mm^Xm       , Mm^Xm       , Mm^Xm       , Mm^Xm       , Mm          , Mm          , Hh          , Hh          , Mm          , Hh          , Hh          , Hh          , Hh^Fp       , Mm          , Hh^Fp       , Mm          , Wwrt        , Hh          , Hh          , Hh          , Gg          , Hh          , Hh          , Mm          , Hh          , Mm          , Hh          , Mm          , Hh          , Hh          , Mm          , Mm^Xm       , Mm^Xm       , Mm^Xm       , Mm          , Mm^Xm       , Mm^Xm       , Mm^Xm       , Mm^Xm       , Mm^Xm       , Mm^Xm       , Mm^Xm       , Mm^Xm       
Mm^Xm       , Mm^Xm       , Mm^Xm       , Mm^Xm       , Mm^Xm       , Mm^Xm       , Mm^Xm       , Mm^Xm       , Mm^Xm       , Mm^Xm       , Mm^Xm       , Mm          , Mm          , Mm          , Hh          , Mm          , Hh^Fp       , Hh^Fp       , Hh^Fp       , Hh^Fp       , Gll^Fp      , Hh^Fp       , Hh^Fp       , Hh          , Gg^Efm      , Wwrt        , Gg^Efm      , Gg^Fet      , Gg          , Gg          , Gg          , Gg          , Hh          , Mm          , Mm          , Hh          , Mm          , Mm          , Mm^Xm       , Mm^Xm       , Mm^Xm       , Mm^Xm       , Mm          , Mm^Xm       , Mm^Xm       , Mm^Xm       , Mm^Xm       , Mm^Xm       , Mm^Xm       , Mm^Xm       , Mm^Xm       
Mm^Xm       , Mm^Xm       , Mm^Xm       , Mm^Xm       , Mm^Xm       , Mm^Xm       , Mm^Xm       , Mm^Xm       , Mm^Xm       , Mm^Xm       , Mm^Xm       , Mm          , Mm          , Hh          , Hh^Fp       , Hh^Fp       , Gll^Fp      , Hh^Fp       , Gll^Fp      , Gll^Fp      , Gs          , Gs          , Gg^Efm      , Gg^Efm      , Wwt         , Wwt         , Wwt         , Gg^Efm      , Gg^Efm      , Hh          , Mm          , Hh          , Mm          , Mm          , Mm          , Mm          , Mm^Xm       , Mm^Xm       , Mm^Xm       , Mm^Xm       , Mm          , Mm          , Mm^Xm       , Mm^Xm       , Mm^Xm       , Mm^Xm       , Mm^Xm       , Mm^Xm       , Mm^Xm       , Mm^Xm       , Mm^Xm       
Mm^Xm       , Mm^Xm       , Mm^Xm       , Mm^Xm       , Mm^Xm       , Mm^Xm       , Mm^Xm       , Mm^Xm       , Mm^Xm       , Mm^Xm       , Mm^Xm       , Mm          , Mm          , Hh          , Hh^Fp       , Hh^Fp       , Gll^Fp      , Gll^Fp      , Gll^Fp      , Gll         , Gg          , Gg^Fet      , Gg^Efm      , Wwt         , Wwt         , Wwt         , Wwt         , Wwt         , Gg^Efm      , Hh          , Hh          , Mm          , Mm^Xm       , Mm^Xm       , Mm^Xm       , Mm^Xm       , Mm^Xm       , Mm^Xm       , Mm          , Mm          , Mm          , Mm          , Mm^Xm       , Mm^Xm       , Mm^Xm       , Mm^Xm       , Mm^Xm       , Mm^Xm       , Mm^Xm       , Mm^Xm       , Mm^Xm       
Mm^Xm       , Mm^Xm       , Mm^Xm       , Mm^Xm       , Mm^Xm       , Mm^Xm       , Mm^Xm       , Mm^Xm       , Mm^Xm       , Mm^Xm       , Mm^Xm       , Mm          , Mm          , Hh          , Mm          , Hh^Fp       , Hh^Fp       , Gll^Fp      , Gll         , Gll^Fp      , Gs          , Gg^Efm      , Wwt         , Wwt         , Wwt         , Wwt         , Wwt         , Gg^Efm      , Hh^Fp       , Hh^Fp       , Hh          , Mm          , Mm^Xm       , Mm^Xm       , Mm          , Mm^Xm       , Mm          , Mm          , Mm          , Mm          , Mm^Xm       , Mm^Xm       , Mm^Xm       , Mm^Xm       , Mm^Xm       , Mm^Xm       , Mm^Xm       , Mm^Xm       , Mm^Xm       , Mm^Xm       , Mm^Xm       
Mm^Xm       , Mm^Xm       , Mm^Xm       , Mm^Xm       , Mm^Xm       , Mm^Xm       , Mm^Xm       , Mm^Xm       , Mm^Xm       , Mm^Xm       , Mm^Xm       , Mm^Xm       , Mm^Xm       , Mm          , Mm          , Hh          , Hh^Fp       , Gll^Fp      , Hh^Fp       , Gll^Fp      , Gll         , Gg^Efm      , Gg^Efm      , Wwt         , Gg^Efm      , Gg^Efm      , Gg^Efm      , Gg^Efm      , Hh^Fp       , Hh          , Mm^Xm       , Mm^Xm       , Mm          , Mm          , Hhd         , Mm          , Hhd         , Mm          , Mm          , Mm          , Mm^Xm       , Mm^Xm       , Mm^Xm       , Mm^Xm       , Mm^Xm       , Mm^Xm       , Mm^Xm       , Mm^Xm       , Mm^Xm       , Mm^Xm       , Mm^Xm       
Mm^Xm       , Mm^Xm       , Mm^Xm       , Mm^Xm       , Mm^Xm       , Mm^Xm       , Mm^Xm       , Mm^Xm       , Mm^Xm       , Mm^Xm       , Mm^Xm       , Mm^Xm       , Mm^Xm       , Mm^Xm       , Mm          , Hh          , Hh          , Hh^Fp       , Hh          , Hh^Fp       , Hh^Fp       , Gs          , Gs          , Gg^Efm      , Gg          , Gg^Fet      , Gg          , Gg          , Hh^Fp       , Hh          , Mm^Xm       , Mm          , Re          , Re          , Re          , Hhd         , Hhd         , Mm          , Mm          , Mm^Xm       , Mm^Xm       , Mm^Xm       , Mm^Xm       , Mm^Xm       , Mm^Xm       , Mm^Xm       , Mm^Xm       , Mm^Xm       , Mm^Xm       , Mm^Xm       , Mm^Xm       
Mm^Xm       , Mm^Xm       , Mm^Xm       , Mm^Xm       , Mm^Xm       , Mm^Xm       , Mm^Xm       , Mm^Xm       , Mm^Xm       , Mm^Xm       , Mm^Xm       , Mm^Xm       , Mm^Xm       , Mm^Xm       , Mm^Xm       , Mm          , Mm          , Hh          , Mm          , Hh          , Hh^Fp       , Gll^Fp      , Hh^Fp       , Gll^Fp      , Gll^Fp      , Gg          , Hh^Fp       , Gg          , Gg          , Hh^Fp       , Mm^Xm       , Re          , Hh^Fp       , Hhd         , Mm          , Re          , Mm          , Mm          , Mm^Xm       , Mm^Xm       , Mm^Xm       , Mm^Xm       , Mm^Xm       , Mm^Xm       , Mm          , Mm          , Mm          , Mm          , Mm          , Mm          , Mm          
Mm^Xm       , Mm^Xm       , Mm^Xm       , Mm^Xm       , Ms^Xm       , Ms^Xm       , Ms^Xm       , Ms^Xm       , Ms^Xm       , Ms^Xm       , Ms^Xm       , Ms^Xm       , Ms^Xm       , Mm^Xm       , Mm^Xm       , Mm^Xm       , Mm^Xm       , Mm          , Mm          , Hh          , Hh^Fp       , Hh^Fp       , Hh          , Hh          , Hh          , Hh^Fp       , Hh          , Hh^Fp       , Hh^Fp       , Hh          , Re          , Re          , Mm^Xm       , Mm^Xm       , Mm          , Re          , Mm          , Mm^Xm       , Mm^Xm       , Mm^Xm       , Mm^Xm       , Mm^Xm       , Mm^Xm       , Mm          , Ai          , Mm          , Mm          , Mm          , Mm          , Mm          , Mm          
Mm^Xm       , Mm^Xm       , Mm^Xm       , Ms^Xm       , Ms^Xm       , Ms^Xm       , Ms^Xm       , Ms^Xm       , Mm^Xm       , Ms^Xm       , Mm^Xm       , Ms^Xm       , Ms^Xm       , Mm^Xm       , Mm^Xm       , Mm^Xm       , Mm^Xm       , Mm^Xm       , Mm^Xm       , Hh          , Hh          , Hh          , Mm          , Mm          , Mm^Xm       , Hh          , Mm          , Hh          , Mm          , Hh^Fp       , Mm          , Mm^Xm       , Hhd         , Hhd         , Re          , Re          , Mm          , Mm^Xm       , Mm^Xm       , Mm^Xm       , Mm^Xm       , Mm^Xm       , Mm          , Mm          , Ai          , Ai          , Mm          , Mm          , Mm          , Mm          , Mm          
Mm^Xm       , Mm^Xm       , Mm^Xm       , Ms^Xm       , Ms^Xm       , Ms^Xm       , Mm^Xm       , Mm^Xm       , Mm^Xm       , Mm^Xm       , Mm^Xm       , Mm^Xm       , Ms^Xm       , Ms^Xm       , Ms^Xm       , Ms^Xm       , Mm^Xm       , Mm^Xm       , Mm          , Hh          , Mm^Xm       , Mm          , Mm^Xm       , Mm^Xm       , Md          , Mm^Xm       , Mm^Xm       , Mm          , Mm^Xm       , Mm^Xm       , Mm^Xm       , Mm^Xm       , Mm          , Re          , Mm          , Mm          , Mm^Xm       , Mm^Xm       , Mm^Xm       , Mm^Xm       , Mm^Xm       , Mm^Xm       , Mm          , Ai          , Ai          , Ww          , Ww          , Ww          , Ww          , Hh          , Mm          
Mm^Xm       , Mm^Xm       , Mm^Xm       , Ms^Xm       , Mm^Xm       , Mm^Xm       , Mm^Xm       , Mm^Xm       , Md          , Mm^Xm       , Mm^Xm       , Mm^Xm       , Mm^Xm       , Mm^Xm       , Ms^Xm       , Ms^Xm       , Mm^Xm       , Mm^Xm       , Hhd         , Mm^Xm       , Mm^Xm       , Mm^Xm       , Hhd         , Md          , Mm^Xm       , Mm^Xm       , Mm          , Mm^Xm       , Mm^Xm       , Mm^Xm       , Mm^Xm       , Hhd         , Re          , Re          , Hhd         , Mm^Xm       , Mm^Xm       , Mm^Xm       , Mm^Xm       , Mm^Xm       , Mm^Xm       , Mm^Xm       , Mm^Xm       , Mm          , Mm          , Ai          , Hh          , Mm          , Mm          , Ww          , Ww          
Mm^Xm       , Mm^Xm       , Mm^Xm       , Ms^Xm       , Mm^Xm       , Mm^Xm       , Mm^Xm       , Md          , Md^Es       , Md^Es       , Md^Es       , Mm^Xm       , Mm^Xm       , Mm^Xm       , Ms^Xm       , Mm^Xm       , Mm^Xm       , Mm^Xm       , Md          , Mm^Xm       , Mm^Xm       , Mm^Xm       , Hhd         , Mm^Xm       , Mm^Xm       , Mm          , Re          , Mm          , Mm          , Mm^Xm       , Mm^Xm       , Mm^Xm       , Hhd         , Mm          , Mm^Xm       , Mm^Xm       , Mm^Xm       , Mm^Xm       , Mm^Xm       , Mm^Xm       , Mm^Xm       , Mm^Xm       , Mm^Xm       , Mm          , Mm          , Mm          , Mm          , Mm          , Mm          , Hh          , Ww          
Mm^Xm       , Mm^Xm       , Mm^Xm       , Ms^Xm       , Mm^Xm       , Mm^Xm       , Mm^Xm       , Md^Es       , Qxe         , Qxu         , Md^Es       , Mm^Xm       , Mm^Xm       , Mm^Xm       , Md          , Mm^Xm       , Mm^Xm       , Mm^Xm       , Md          , Md          , Md          , Hhd         , Hhd         , Mm^Xm       , Md          , Re          , Mm^Xm       , Re          , Re          , Md          , Re          , Hhd         , Mm          , Mm          , Mm^Xm       , Mm^Xm       , Mm^Xm       , Mm^Xm       , Mm^Xm       , Mm^Xm       , Mm^Xm       , Mm^Xm       , Mm^Xm       , Mm^Xm       , Mm          , Mm          , Mm          , Mm          , Hh          , Hh          , Hh          
Mm^Xm       , Mm^Xm       , Mm^Xm       , Ms^Xm       , Mm^Xm       , Mm^Xm       , Mm^Xm       , Qxe         , Md^Es       , Hhd^Es      , Md          , Mm^Xm       , Mm^Xm       , Md          , Md          , Mm^Xm       , Mm^Xm       , Mm^Xm       , Hhd         , Hhd         , Hhd         , Hhd         , Hhd         , Hhd         , Md          , Re          , Md          , Md          , Md          , Re          , Re          , Md          , Mm^Xm       , Mm^Xm       , Mm^Xm       , Mm^Xm       , Mm^Xm       , Mm^Xm       , Mm^Xm       , Mm^Xm       , Mm^Xm       , Mm^Xm       , Mm^Xm       , Mm^Xm       , Mm          , Mm          , Mm          , Hh          , Hh          , Hh          , Gs^Fp       
Mm^Xm       , Mm^Xm       , Mm^Xm       , Ms^Xm       , Mm^Xm       , Mm^Xm       , Mm^Xm       , Qxe         , Mm^Xm       , Md          , Mm^Xm       , Mm^Xm       , Md          , Mm^Xm       , Md          , Hhd         , Mm^Xm       , Mm^Xm       , Hhd         , Hhd         , Md          , Hhd         , Md          , Md          , Re          , Re          , Mm^Xm       , Md          , Mm^Xm       , Mm          , Rb          , Mm          , Mm^Xm       , Mm^Xm       , Mm^Xm       , Mm^Xm       , Mm^Xm       , Mm^Xm       , Mm^Xm       , Mm^Xm       , Mm^Xm       , Mm^Xm       , Mm          , Mm          , Mm          , Mm          , Gs^Fp       , Hh          , Hh          , Gs^Fp       , Gs^Fp       
Mm^Xm       , Mm^Xm       , Mm^Xm       , Ms^Xm       , Ms^Xm       , Mm^Xm       , Mm^Xm       , Qxe         , Qxe         , Mm^Xm       , Mm^Xm       , Mm^Xm       , Md          , Mm^Xm       , Hhd         , Hhd         , Hhd         , Hhd         , Hhd         , Md          , Hhd         , Hhd         , Re          , Re          , Md          , Mm^Xm       , Mm^Xm       , Mm^Xm       , Mm^Xm       , Mm^Xm       , Rb          , Mm^Xm       , Mm^Xm       , Mm^Xm       , Mm^Xm       , Mm^Xm       , Mm^Xm       , Mm^Xm       , Mm^Xm       , Mm^Xm       , Mm^Xm       , Mm^Xm       , Mm          , Mm          , Gs^Fp       , Hh          , Hh          , Hh          , Gs^Fp       , Hh          , Gs^Fp       
Mm^Xm       , Mm^Xm       , Mm^Xm       , Mm^Xm       , Mm^Xm       , Mm^Xm       , Mm^Xm       , Mm^Xm       , Mm^Xm       , Qxu         , Md^Es       , Mm^Xm       , Hhd^Es      , Hhd^Es      , Re^Es       , Re          , Re          , Re          , Re          , Re          , Re          , Re          , Mm^Xm       , Md          , Mm^Xm       , Mm^Xm       , Mm^Xm       , Mm^Xm       , Mm^Xm       , Mm^Xm       , Mm^Xm       , Uu          , 3 Qxu^Ii    , Mm^Xm       , Mm^Xm       , Mm^Xm       , Mm^Xm       , Mm^Xm       , Mm^Xm       , Mm^Xm       , Mm          , Mm          , Mm          , Hh          , Gs^Fp       , Hh          , Gs^Fp       , Gs^Fp       , Gs^Fp       , Gs^Fp       , Gs^Fp       
Mm^Xm       , Mm^Xm       , Mm^Xm       , Mm^Xm       , Ms^Xm       , Ms^Xm       , Mm^Xm       , Mm^Xm       , Mm^Xm       , Qxu         , Qxu         , Md^Es       , Qxu         , Qxu         , Qxu         , Re          , Re^Es       , Hhd         , Hhd         , Hhd         , Hhd         , Hhd         , Mm^Xm       , Mm^Xm       , Mm^Xm       , Mm^Xm       , Mm^Xm       , Mm^Xm       , Mm^Xm       , Mm^Xm       , Mm^Xm       , Mm^Xm       , Mm^Xm       , Mm^Xm       , Mm^Xm       , Mm^Xm       , Mm^Xm       , Mm^Xm       , Mm^Xm       , Mm^Xm       , Mm          , Mm          , Hh          , Hh          , Hh          , Gs^Fp       , Gs^Fp       , Gs^Fp       , Gs^Fp       , Gs^Fp       , Gs^Fp       
Mm^Xm       , Mm^Xm       , Mm^Xm       , Ms^Xm       , Mm^Xm       , Mm^Xm       , Mm^Xm       , Mm^Xm       , Mm^Xm       , Mm^Xm       , Md^Es       , Qxu         , Re^Es       , Qxu         , Re^Es       , 2 Qxu^Bs|   , Qxu         , Hhd^Es      , Re^Es       , Hhd         , Hhd         , Md          , Mm^Xm       , Mm^Xm       , Mm^Xm       , Mm^Xm       , Mm^Xm       , Mm^Xm       , Mm^Xm       , Mm^Xm       , Mm^Xm       , Mm^Xm       , Mm^Xm       , Mm^Xm       , Mm^Xm       , Mm^Xm       , Mm^Xm       , Mm^Xm       , Mm          , Mm          , Mm          , Hh          , Gs^Fp       , Hh          , Gs^Fp       , Gs^Fp       , Gs^Fp       , Gs^Fp       , Gs^Fp       , Gs^Fp       , Gs^Fp       
Mm^Xm       , Mm^Xm       , Mm^Xm       , Ms^Xm       , Ms^Xm       , Mm^Xm       , Mm^Xm       , Mm^Xm       , Mm^Xm       , Mm^Xm       , Hhd^Es      , Hhd^Es      , Re          , Re^Es       , Re^Es       , Re^Es       , Re^Es       , Qxu         , Qxu         , Re^Es       , Mm^Xm       , Mm^Xm       , Mm^Xm       , Mm^Xm       , Mm^Xm       , Mm^Xm       , Mm^Xm       , Mm^Xm       , Mm^Xm       , Mm^Xm       , Mm^Xm       , Mm^Xm       , Mm^Xm       , Mm^Xm       , Mm^Xm       , Mm^Xm       , Mm^Xm       , Mm^Xm       , Mm^Xm       , Mm          , Hh          , Hh          , Gs^Fp       , Hh          , Gs^Fp       , Gs^Fp       , Gs^Fp       , Gg^Fet      , Gs^Fp       , Gs^Fp       , Gs^Fp       
Mm^Xm       , Mm^Xm       , Mm^Xm       , Mm^Xm       , Ms^Xm       , Ms^Xm       , Mm^Xm       , Mm^Xm       , Md          , Md          , Md          , Re^Es       , Re          , Hhd^Vhhr    , Hhd         , Hhd^Es      , Mm^Xm       , Mm^Xm       , Qxu         , Qxu         , Qxu         , Qxu         , Md^Es       , Md^Es       , Md^Es       , Mm^Xm       , Mm^Xm       , Mm^Xm       , Mm^Xm       , Mm^Xm       , Mm^Xm       , Mm^Xm       , Mm^Xm       , Mm^Xm       , Mm^Xm       , Mm^Xm       , Mm^Xm       , Mm^Xm       , Mm          , Mm          , Hh          , Hh          , Gs^Fp       , Gs^Fp       , Gs^Fp       , Gs^Fp       , Gs^Fp       , Gs^Fp       , Gs^Fp       , Gs^Fp       , Gs^Fp       
Mm^Xm       , Mm^Xm       , Mm^Xm       , Ms^Xm       , Ms^Xm       , Ms^Xm       , Ms^Xm       , Mm^Xm       , Md          , Hhd^Es      , Hhd         , Hhd         , Hhd         , Hhd         , Md          , Md          , Mm^Xm       , Mm^Xm       , Mm^Xm       , Mm^Xm       , Mm^Xm       , Qxe         , Qxe         , Hhd^Es      , Hhd^Es      , Md^Es       , Mm^Xm       , Mm^Xm       , Mm^Xm       , Mm^Xm       , Mm^Xm       , Mm^Xm       , Mm^Xm       , Mm^Xm       , Mm^Xm       , Mm^Xm       , Mm^Xm       , Mm^Xm       , Mm^Xm       , Mm          , Hh          , Gs^Fp       , Gs^Fp       , Gs^Fp       , Gs^Fp       , Gs^Fp       , Gs^Fp       , Gs^Fp       , Gs^Fp       , Gs^Fp       , Gs^Fp       
Mm^Xm       , Mm^Xm       , Mm^Xm       , Mm^Xm       , Mm^Xm       , Mm^Xm       , Mm^Xm       , Md          , Md          , Hhd^Es      , Md          , Hhd         , Mm^Xm       , Md          , Mm^Xm       , Mm^Xm       , Mm^Xm       , Mm^Xm       , Mm^Xm       , Mm^Xm       , Mm^Xm       , Md^Es       , Qxe         , Qxe         , Hhd^Es      , Md^Es       , Mm^Xm       , Mm^Xm       , Mm^Xm       , Mm^Xm       , Mm^Xm       , Mm^Xm       , Mm^Xm       , Mm^Xm       , Mm^Xm       , Mm^Xm       , Mm^Xm       , Mm^Xm       , Mm^Xm       , Mm          , Hh          , Gs^Fp       , Gs^Fp       , Gs^Fp       , Gs^Fp       , Rd          , Gs^Fp       , Gs^Fp       , Gs^Fp       , Gs^Fp       , Gs^Fp       
Mm^Xm       , Mm^Xm       , Mm^Xm       , Mm^Xm       , Mm^Xm       , Mm^Xm       , Mm^Xm       , Mm^Xm       , Md          , Mm          , Mm^Xm       , Mm^Xm       , Mm^Xm       , Mm^Xm       , Ms^Xm       , Mm^Xm       , Mm^Xm       , Mm^Xm       , Ms^Xm       , Mm^Xm       , Mm^Xm       , Md^Es       , Md^Es       , Hhd^Es      , Md^Es       , Md          , Mm^Xm       , Mm^Xm       , Mm^Xm       , Mm^Xm       , Mm^Xm       , Mm^Xm       , Mm^Xm       , Mm^Xm       , Mm^Xm       , Mm^Xm       , Mm^Xm       , Mm^Xm       , Mm          , Mm          , Hh          , Gs^Fp       , Gs^Fp       , Gs^Fp       , Gs^Fp       , Gs^Fp       , Gs^Fp       , Gs^Fp       , Gs^Fp       , Gs^Fp       , Gs^Fp       
Mm^Xm       , Mm^Xm       , Mm          , Md          , Md          , Md          , Hhd^Es      , Md          , Hhd^Es      , Mm          , Mm^Xm       , Mm^Xm       , Mm^Xm       , Ms^Xm       , Mm^Xm       , Mm^Xm       , Mm^Xm       , Mm^Xm       , Mm^Xm       , Ms^Xm       , Ms^Xm       , Mm^Xm       , Mm^Xm       , Md^Es       , Mm^Xm       , Mm^Xm       , Mm^Xm       , Mm^Xm       , Mm^Xm       , Mm^Xm       , Mm^Xm       , Mm^Xm       , Mm^Xm       , Mm^Xm       , Mm^Xm       , Mm^Xm       , Mm^Xm       , Mm          , Mm          , Hh          , Gs^Fp       , Gs^Fp       , Gs^Fp       , Gs^Fp       , Gs^Fp       , Gs^Fp       , Gs^Fp       , Gs^Fp       , Gs^Fp       , Gs^Fp       , Gs^Fp       
Mm^Xm       , Mm^Xm       , Mm          , Hh          , Re          , Hhd^Es      , Mm^Xm       , Md          , Mm^Xm       , Mm^Xm       , Mm^Xm       , Mm^Xm       , Mm          , Mm^Xm       , Mm^Xm       , Mm^Xm       , Mm^Xm       , Mm^Xm       , Ms^Xm       , Ms^Xm       , Ms^Xm       , Ms^Xm       , Mm^Xm       , Mm^Xm       , Mm^Xm       , Mm^Xm       , Mm^Xm       , Mm^Xm       , Mm^Xm       , Mm^Xm       , Mm^Xm       , Mm^Xm       , Mm^Xm       , Mm^Xm       , Mm          , Mm          , Mm          , Mm          , Hh          , Hh          , Gs^Fp       , Gg^Fet      , Gs^Fp       , Gs^Fp       , Gs^Fp       , Gs^Fp       , Gs^Fp       , Gs^Fp       , Gg          , Hh          , Hh          
Mm^Xm       , Mm^Xm       , Mm^Xm       , Hh          , Re          , Hh          , Md          , Mm^Xm       , Mm^Xm       , Mm^Xm       , Mm          , Mm          , Hh^Fp       , Mm          , Mm          , Mm^Xm       , Mm^Xm       , Ai          , Ai          , Ms^Xm       , Mm^Xm       , Mm^Xm       , Mm^Xm       , Mm^Xm       , Mm^Xm       , Mm^Xm       , Mm^Xm       , Mm^Xm       , Mm^Xm       , Mm^Xm       , Mm^Xm       , Re^Dr       , Mm          , Mm          , Mm          , Mm          , Hh          , Mm          , Hh          , Hh          , Gs^Fp       , Gs^Fp       , Gs          , Gs^Fp       , Gs^Fp       , Gs^Fp       , Gs^Fp       , Gs^Fp       , Gg          , Hh          , Hh          
Mm^Xm       , Mm^Xm       , Mm          , Mm          , Re          , Mm          , Mm          , Md          , Md          , Md          , Hh^Fp       , Hh^Fp       , Gll^Fp      , Hh^Fp       , Gll^Fp      , Mm          , Ww          , Ww          , Mm^Xm       , Mm^Xm       , Mm^Xm       , Mm^Xm       , Mm^Xm       , Mm^Xm       , Mm^Xm       , Mm^Xm       , Mm^Xm       , Mm^Xm       , Mm^Xm       , Mm^Xm       , Mm^Xm       , Re          , Re          , Mm          , Mm          , Hh          , Gs^Fp       , Hh          , Gs^Fp       , Gs^Fp       , Gs^Fp       , Gs^Fp       , Gs^Fp       , Gs          , Gs^Fp       , Gs^Fp       , Gs^Fp       , Gs^Fp       , Gs^Fp       , Gs^Fp       , Gs^Fp       
Mm^Xm       , Mm^Xm       , Mm          , Hh          , Re          , Hh          , Hh          , Hh          , Mm          , Hh^Fp       , Hh^Fp       , Gll^Fp      , Gll^Fp      , Gll^Fp      , Gll^Fp      , Wwr         , Hh^Fp       , Mm          , Mm          , Mm^Xm       , Mm^Xm       , Mm^Xm       , Mm^Xm       , Mm^Xm       , Mm^Xm       , Mm^Xm       , Mm^Xm       , Mm^Xm       , Mm^Xm       , Mm^Xm       , Mm          , Mm          , Re          , Re          , Mm          , Hh          , Gs^Fp       , Gs^Fp       , Gs^Fp       , Gs^Fp       , Gs^Fp       , Gs^Fp       , Gg^Efm      , Gs          , Gg^Efm      , Gs^Fp       , Gs^Fp       , Gs^Fp       , Gs^Fp       , Gs^Fp       , Gs^Fp       
Mm^Xm       , Mm^Xm       , Mm^Xm       , Md          , Re          , Re          , Re          , Hh^Fp       , Hh^Fp       , Gll^Fp      , Hh^Fp       , Gll^Fp      , Gll^Fp      , Gll^Fp      , Gll^Fp      , Ww          , Hh^Fp       , Hh^Fp       , Mm          , Mm^Xm       , Mm^Xm       , Mm^Xm       , Mm^Xm       , Mm^Xm       , Mm          , Mm^Xm       , Mm^Xm       , Mm          , Mm          , Mm          , Mm          , Mm          , Re          , Mm          , Hh          , Hh          , Gs^Fp       , Gg^Efm      , Gs^Fp       , Gs^Fp       , Gs^Fp       , Gs^Fp       , Gg^Efm      , Gg^Efm      , Gg^Efm      , Gg^Efm      , Gg^Efm      , Gs^Fp       , Gs^Fp       , Gs^Fp       , Gs^Fp       
Mm^Xm       , Mm^Xm       , Mm^Xm       , Md          , Md          , Re          , Hh^Fp       , Re          , Gll         , Re          , Re          , Gll         , Re          , Gll^Fp      , Gll^Fp      , Gll^Fp      , Gll^Fp      , Hh^Fp       , Mm          , Mm^Xm       , Mm^Xm       , Mm^Xm       , Mm^Xm       , Mm^Xm       , Mm          , Mm^Xm       , Mm          , Mm          , Mm          , Hh          , Hh          , Hh          , Gs          , Hh          , Gs          , Gs^Fp       , Gs^Fp       , Gs^Fp       , Gs^Fp       , Gs^Fp       , Gs^Fp       , Gs^Fp       , Gg^Efm      , Gg^Efm      , 1 Gg^Vh     , Gg^Efm      , Gg^Efm      , Gg^Efm      , Gs^Fp       , Gs          , Gs^Fp       
Mm^Xm       , Mm^Xm       , Mm^Xm       , Mm^Xm       , Mm^Xm       , Hh          , Md          , Hh^Fp       , Gll         , Gll         , Hh^Fp       , Re          , Hh^Fp       , Gll         , Re          , Hh^Fp       , Hh^Fp       , Gll^Fp      , Mm          , Mm^Xm       , Mm^Xm       , Mm^Xm       , Mm^Xm       , Mm          , Mm          , Mm          , Hh          , Mm          , Hh          , Hh          , Gs^Fp       , Gs^Fp       , Gs^Fp       , Gs^Fp       , Gs^Fp       , Gs^Fp       , Gs          , Gs          , Gs          , Gs^Fp       , Gs^Fp       , Gs^Fp       , Gg^Efm      , Gg^Efm      , Gg^Efm      , Gg^Efm      , Gg^Efm      , Gg^Efm      , Gs          , Gs          , Gs^Fp       
Mm          , Mm^Xm       , Mm^Xm       , Mm^Xm       , Mm^Xm       , Mm^Xm       , Mm^Xm       , Md          , Hh^Fp       , Hh^Fp       , Md          , Hh^Fp       , Hh^Fp       , Re          , Re          , Hh^Fp       , Mm          , Hh^Fp       , Mm          , Mm^Xm       , Mm^Xm       , Mm^Xm       , Mm^Xm       , Mm^Xm       , Mm          , Hh          , Hh          , Hh          , Gg^Fet      , Gs^Fp       , Gs^Fp       , Gs^Fp       , Gs^Fp       , Gs^Fp       , Gs^Fp       , Gs^Fp       , Gg^Fet      , Gs^Fp       , Gs^Fp       , Gs^Fp       , Gs^Fp       , Gg          , Gs^Fp       , Gg^Efm      , Gs^Fp       , Gg^Efm      , Gs^Fp       , Gs^Fp       , Gs^Fp       , Gs^Fp       , Re          
Hh          , Mm          , Mm          , Mm          , Mm          , Mm^Xm       , Mm^Xm       , Mm          , Hh^Fp       , Hh^Fp       , Gll^Fp      , Hh^Fp       , Gll^Fp      , Re          , Re          , Gll^Fp      , Hh^Fp       , Mm          , Hh^Fp       , Mm^Xm       , Mm          , Mm          , Mm          , Mm          , Hh          , Gs^Fp       , Gs^Fp       , Gs^Fp       , Hh          , Hh          , Hh          , Gs^Fp       , Gs^Fp       , Gs^Fp       , Gs          , Gs^Fp       , Gs^Fp       , Gs^Fp       , Gs^Fp       , Gs^Fp       , Gs^Fp       , Gs^Fp       , Gs^Fp       , Gs^Fp       , Gs^Fp       , Gs^Fp       , Gs^Fp       , Gs^Fp       , Gs^Fp       , Re          , Gs^Fp       
Hh^Fp       , Hh          , Hh          , Hh          , Hh          , Mm          , Mm          , Mm          , Hh          , Hh^Fp       , Gll^Fp      , Gll^Fp      , Gll^Fp      , Gll         , Re          , Hh^Fp       , Gll^Fp      , Hh^Fp       , Hh^Fp       , Mm          , Hh          , Mm          , Hh          , Hh          , Gs^Fp       , Gs^Fp       , Gs^Fp       , Gs^Fp       , Gs^Fp       , Hh          , Gs^Fp       , Gs^Fp       , Gs^Fp       , Gs^Fp       , Gs^Fp       , Gs^Fp       , Gs          , Gs^Fp       , Gs^Fp       , Gs^Fp       , Gs^Fp       , Gs^Fp       , Gs^Fp       , Gs^Fp       , Gs^Fp       , Gs^Fp       , Gs^Fp       , Gs^Fp       , Gs^Fp       , Re          , Gs^Fp       
Hh^Fp       , Hh^Fp       , Hh^Fp       , Hh^Fp       , Hh^Fp       , Hh          , Hh          , Hh          , Hh          , Hh          , Hh^Fp       , Gll^Fp      , Gll^Fp      , Gll         , Re          , Hh^Fp       , Re          , Re          , Re          , Hh          , Gll^Fp      , Hh          , Gs^Fp       , Gs^Fp       , Gs^Fp       , Gs^Fp       , Gs^Fp       , Gs^Fp       , Gs^Fp       , Gs^Fp       , Gs^Fp       , Gs^Fp       , Gs^Fp       , Gs^Fp       , Gs^Fp       , Gs          , Gs^Fp       , Gs^Fp       , Gs^Fp       , Gs^Fp       , Gs^Fp       , Gs^Fp       , Gs^Fp       , Gs^Fp       , Gs^Fp       , Gs^Fp       , Gs^Fp       , Gs^Fp       , Gs^Fp       , Re          , Gs^Fp       
Hh          , Hh^Fp       , Hh^Fp       , Hh^Fp       , Hh^Fp       , Hh^Fp       , Hh^Fp       , Hh^Fp       , Hh^Fp       , Hh^Fp       , Gll^Fp      , Gll^Fp      , Gll^Fp      , Gll^Fp      , Gll^Fp      , Gll         , Gll^Fp      , Gll^Fp      , Gll^Fp      , Gll         , Gll         , Gll^Fp      , Gs^Fp       , Gs^Fp       , Gs^Fp       , Gs^Fp       , Gs^Fp       , Gs^Fp       , Gs^Fp       , Gs^Fp       , Gs^Fp       , Gs^Fp       , Gs^Fp       , Gs^Fp       , Gs^Fp       , Gs^Fp       , Gs^Fp       , Gs^Fp       , Gs^Fp       , Gs^Fp       , Gs^Fp       , Gs^Fp       , Gs^Fp       , Gs^Fp       , Gs^Fp       , Gs^Fp       , Gs^Fp       , Gs^Fp       , Gs^Fp       , Re          , Gs^Fp       
Gll^Fp      , Hh^Fp       , Gll^Fp      , Gll^Fp      , Gll^Fp      , Gll^Fp      , Gll^Fp      , Hh^Fp       , Gll^Fp      , Gll^Fp      , Gll^Fp      , Gll^Fp      , Gll^Fp      , Gll^Fp      , Gll^Fp      , Gll^Fp      , Gg^Fet      , Gll^Fp      , Gll^Fp      , Gll^Fp      , Gll^Fp      , Re          , Gll^Fp      , Re          , Re          , Gll^Fp      , Gg^Fet      , Gll^Fp      , Gll         , Re          , Re          , Gll^Fp      , Gll         , Gll^Fp      , Gll^Fp      , Gll^Fp      , Re          , Re          , Re          , Gll^Fp      , Gll^Fp      , Gll^Fp      , Gll^Fp      , Gll^Fp      , Gll^Fp      , Gll^Fp      , Gll^Fp      , Gll^Fp      , Re          , Re          , Gll^Fp      
Gll^Fp      , Gll^Fp      , Gll^Fp      , Gll^Fp      , Gg^Fet      , Gll^Fp      , Gll^Fp      , Gll^Fp      , Gll^Fp      , Gll^Fp      , Gll         , Gll^Fp      , Gll^Fp      , Gll^Fp      , Gll^Fp      , Gll^Fp      , Gll^Fp      , Gll^Fp      , Gll^Fp      , Gll^Fp      , Gll^Fp      , Gll^Fp      , Gll^Fp      , Gll^Fp      , Gll^Fp      , Gll         , Gll         , Re          , Gll^Fp      , Gll^Fp      , Gll^Fp      , Gll^Fp      , Gll^Fp      , Re          , Re          , Gll^Fp      , Gll^Fp      , Gll^Fp      , Gll^Fp      , Gll         , Re          , Gll^Fp      , Gll^Fp      , Re          , Re          , Gll^Fp      , Re          , Re          , Gll^Fp      , Gll^Fp      , Gll^Fp      
Gll^Fp      , Gll^Fp      , Gll         , Gll^Fp      , Gll^Fp      , Gll^Fp      , Gll^Fp      , Gll^Fp      , Gll^Fp      , Gll         , Gll         , Gll^Fp      , Gll^Fp      , Gll^Fp      , Gll^Fp      , Gll^Fp      , Gll^Fp      , Gll^Fp      , Gll^Fp      , Gll         , Gll^Fp      , Gll^Fp      , Gll^Fp      , Gll^Fp      , Gll^Fp      , Gll^Fp      , Gll^Fp      , Gll^Fp      , Gll^Fp      , Gll^Fp      , Gll^Fp      , Gll^Fp      , Gll^Fp      , Gll^Fp      , Gll^Fp      , Gll^Fp      , Gll^Fp      , Gll^Fp      , Gll^Fp      , Gll^Fp      , Gll^Fp      , Gll^Fp      , Gll         , Gll^Fp      , Gll^Fp      , Re          , Gll^Fp      , Gll^Fp      , Gg^Fet      , Gll^Fp      , Gll^Fp      
Gll^Fp      , Gll^Fp      , Gll^Fp      , Gll^Fp      , Gll^Fp      , Gll^Fp      , Gll^Fp      , Gll^Fp      , Gll^Fp      , Gll^Fp      , Gll^Fp      , Gll^Fp      , Gll^Fp      , Gll^Fp      , Gll^Fp      , Gll^Fp      , Gll^Fp      , Gll^Fp      , Gll^Fp      , Gll^Fp      , Gll^Fp      , Gll^Fp      , Gll^Fp      , Gll^Fp      , Gll^Fp      , Gll^Fp      , Gll^Fp      , Gll^Fp      , Gll^Fp      , Gll^Fp      , Gll^Fp      , Gll^Fp      , Gll^Fp      , Gll^Fp      , Gll^Fp      , Gll^Fp      , Gll^Fp      , Gll^Fp      , Gll^Fp      , Gll^Fp      , Gll^Fp      , Gll^Fp      , Gll^Fp      , Gll^Fp      , Gll^Fp      , Gll^Fp      , Gll^Fp      , Gll^Fp      , Gll^Fp      , Gll^Fp      , Gll^Fp      
